docker : time="2026-04-08T21:53:44-06:00" level=warning 
msg="C:\\Users\\luisa\\Reuse-Project\\ReUse\\docker-compose.yml: the attribute `version` is obsolete, it will be 
ignored, please remove it to avoid potential confusion"
En línea: 1 Carácter: 1
+ docker compose exec backend python manage.py test gamification > test ...
+ ~~~~~~~~~~~~~~~~~~~~~~~~~~~~~~~~~~~~~~~~~~~~~~~~~~~~~~~~~~~~~~~~~~~~~
    + CategoryInfo          : NotSpecified: (time="2026-04-0...tial confusion":String) [], RemoteException
    + FullyQualifiedErrorId : NativeCommandError
 
